../Core/Src/main.c:62:6:display7SEG	24	static
../Core/Src/main.c:173:6:fsm_simple_buttons_run	8	static
../Core/Src/main.c:235:6:setFirstTrafficLight	16	static
../Core/Src/main.c:259:6:setSecondTrafficLight	16	static
../Core/Src/main.c:290:5:main	8	static
../Core/Src/main.c:378:6:SystemClock_Config	72	static
../Core/Src/main.c:415:13:MX_TIM2_Init	32	static
../Core/Src/main.c:460:13:MX_GPIO_Init	40	static
../Core/Src/main.c:516:6:HAL_TIM_PeriodElapsedCallback	16	static
../Core/Src/main.c:525:6:Error_Handler	4	static,ignoring_inline_asm
