../Core/Src/main.c:72:5:main	8	static
../Core/Src/main.c:123:6:SystemClock_Config	72	static
../Core/Src/main.c:161:13:MX_IWDG_Init	8	static
../Core/Src/main.c:189:13:MX_TIM2_Init	32	static
../Core/Src/main.c:234:13:MX_GPIO_Init	32	static
../Core/Src/main.c:254:6:HAL_TIM_PeriodElapsedCallback	16	static
../Core/Src/main.c:260:6:Watchdog_Refresh	8	static
../Core/Src/main.c:265:15:Is_Watchdog_Reset	4	static
../Core/Src/main.c:273:6:Watchdog_Counting	4	static
../Core/Src/main.c:277:6:Reset_Watchdog_Counting	4	static
../Core/Src/main.c:288:6:Error_Handler	4	static,ignoring_inline_asm
