00:43:11 **** Incremental Build of configuration Debug for project Exercise2 ****
make -j16 all 
arm-none-eabi-gcc "../Core/Src/main.c" -mcpu=cortex-m3 -std=gnu11 -g3 -DDEBUG -DUSE_HAL_DRIVER -DSTM32F103x6 -c -I../Core/Inc -I../Drivers/STM32F1xx_HAL_Driver/Inc/Legacy -I../Drivers/STM32F1xx_HAL_Driver/Inc -I../Drivers/CMSIS/Device/ST/STM32F1xx/Include -I../Drivers/CMSIS/Include -O0 -ffunction-sections -fdata-sections -Wall -fstack-usage -MMD -MP -MF"Core/Src/main.d" -MT"Core/Src/main.o" --specs=nano.specs -mfloat-abi=soft -mthumb -o "Core/Src/main.o"
arm-none-eabi-gcc -o "Exercise2.elf" @"objects.list"   -mcpu=cortex-m3 -T"C:\Users\nguye\Documents\microcontroller-hcmut\Lab1\Exercise2\STM32F103C6UX_FLASH.ld" --specs=nosys.specs -Wl,-Map="Exercise2.map" -Wl,--gc-sections -static --specs=nano.specs -mfloat-abi=soft -mthumb -Wl,--start-group -lc -lm -Wl,--end-group
Finished building target: Exercise2.elf
 
arm-none-eabi-size   Exercise2.elf 
arm-none-eabi-objdump -h -S  Exercise2.elf  > "Exercise2.list"
arm-none-eabi-objcopy  -O ihex  Exercise2.elf  "Exercise2.hex"
   text	   data	    bss	    dec	    hex	filename
   4612	     20	   1572	   6204	   183c	Exercise2.elf
Finished building: default.size.stdout
 
Finished building: Exercise2.hex
Finished building: Exercise2.list
 
 

00:43:12 Build Finished. 0 errors, 0 warnings. (took 753ms)

