02:07:02 **** Incremental Build of configuration Debug for project Exercise678910 ****
make -j16 all 
arm-none-eabi-gcc "../Core/Src/main.c" -mcpu=cortex-m3 -std=gnu11 -g3 -DDEBUG -DUSE_HAL_DRIVER -DSTM32F103x6 -c -I../Core/Inc -I../Drivers/STM32F1xx_HAL_Driver/Inc/Legacy -I../Drivers/STM32F1xx_HAL_Driver/Inc -I../Drivers/CMSIS/Device/ST/STM32F1xx/Include -I../Drivers/CMSIS/Include -O0 -ffunction-sections -fdata-sections -Wall -fstack-usage -MMD -MP -MF"Core/Src/main.d" -MT"Core/Src/main.o" --specs=nano.specs -mfloat-abi=soft -mthumb -o "Core/Src/main.o"
arm-none-eabi-gcc -o "Exercise678910.elf" @"objects.list"   -mcpu=cortex-m3 -T"C:\Users\nguye\Documents\microcontroller-hcmut\Lab1\Exercise678910\STM32F103C6UX_FLASH.ld" --specs=nosys.specs -Wl,-Map="Exercise678910.map" -Wl,--gc-sections -static --specs=nano.specs -mfloat-abi=soft -mthumb -Wl,--start-group -lc -lm -Wl,--end-group
Finished building target: Exercise678910.elf
 
arm-none-eabi-size   Exercise678910.elf 
arm-none-eabi-objdump -h -S  Exercise678910.elf  > "Exercise678910.list"
arm-none-eabi-objcopy  -O ihex  Exercise678910.elf  "Exercise678910.hex"
   text	   data	    bss	    dec	    hex	filename
   5000	     20	   1572	   6592	   19c0	Exercise678910.elf
Finished building: default.size.stdout
 
Finished building: Exercise678910.hex
Finished building: Exercise678910.list
 
 
